
Processing branchtest.a

                                                      .ORG    $1000
                                                      
                                                      nop
$1000: $EA               nop                      
                                                      beq +
$1001: $F0 $0C           beq $100F                -    
                                                      lda ++,y
$1003: $B9 $10 $10       lda $1010,y                  bne -
$1006: $D0 $FB           bne $1003                    nop
$1008: $EA               nop                      -
                                                      bpl -
$1009: $10 $FE           bpl $1009                    jmp (--)
$100B: $6C $03 $10       jmp ($1003)                  rts
$100E: $60               rts                          
                                                  +
                                                      rts
$100F: $60               rts                      +
                                                      nop
$1010: $EA               nop                          nop
$1011: $EA               nop                          rts
$1012: $60               rts                      
                                                      beq --
$1013: $F0 $EE           beq $1003                    
                                                  // ; test backwards
                                                  // -
                                                  // 
                                                  // bne -
                                                  // bpl +
                                                  //    ; test fowards
                                                  // +
